device: cuda
config: {'variant': 'channel_gated', 'quality_aware': False, 'n_folds': 5, 'seed': 42, 'image_size': 224, 'batch_size': 16, 'epochs': 30, 'lr': 0.0001, 'weight_decay': 0.0001, 'aux_loss_weight': 0.4, 'quality_loss_weight': 0.15, 'focal_gamma': 2.0, 'train_on_all_dermoscopic_images': True, 'fusion_hidden_dim': 256, 'fusion_dropout': 0.3, 'metadata_hidden_dim': 128, 'metadata_out_dim': 128, 'num_aux_classes': 9, 'use_dermoscopy_preprocessing': False, 'use_contrastive': False, 'contrastive_weight': 0.1, 'optimizer': 'adam', 'backbone_lr_mult': 0.1, 'use_tta': False, 'multi_image_eval': False, 'run_tag': 'channel_gated_focal', 'results_ledger_path': 'results/results_ledger.csv', 'checkpoint_dir': 'checkpoints', 'log_dir': 'logs', 'notes': ''}
[build_lesion_table] 240 lesions total
  binary task: 6 excluded (malignancy=='unknown')
  aux 9-class task: 6 excluded (unified_diagnosis=='UNK' or missing)
  histopath-confirmed: 28
  lesions missing a quality rating: 2
[build_image_index] 2394 raw image rows -> 2131 after lesion_id join -> 2131 after file-existence check (0 missing files dropped)
fold 0: 5 subjects, 9.0 malignant lesions
fold 1: 6 subjects, 9.0 malignant lesions
fold 2: 16 subjects, 8.0 malignant lesions
fold 3: 16 subjects, 8.0 malignant lesions
fold 4: 16 subjects, 8.0 malignant lesions
[_build_samples] 1/190 lesions had no usable image on disk for this split — dropped
[channel_gated_focal fold 0] epoch 1/30 train_loss=1.0714 val_bacc=0.8889 val_auroc=0.9792
[channel_gated_focal fold 0] epoch 2/30 train_loss=0.8109 val_bacc=0.6910 val_auroc=0.9583
[channel_gated_focal fold 0] epoch 3/30 train_loss=0.5207 val_bacc=0.6354 val_auroc=0.8611
[channel_gated_focal fold 0] epoch 4/30 train_loss=0.2608 val_bacc=0.5799 val_auroc=0.8750
[channel_gated_focal fold 0] epoch 5/30 train_loss=0.1510 val_bacc=0.8264 val_auroc=0.9583
[channel_gated_focal fold 0] epoch 6/30 train_loss=0.1611 val_bacc=0.8576 val_auroc=0.9722
[channel_gated_focal fold 0] epoch 7/30 train_loss=0.1529 val_bacc=0.8576 val_auroc=0.9583
[channel_gated_focal fold 0] epoch 8/30 train_loss=0.1088 val_bacc=0.7465 val_auroc=0.8611
[channel_gated_focal fold 0] epoch 9/30 train_loss=0.0480 val_bacc=0.7465 val_auroc=0.8750
[channel_gated_focal fold 0] epoch 10/30 train_loss=0.0832 val_bacc=0.7222 val_auroc=0.8750
[channel_gated_focal fold 0] epoch 11/30 train_loss=0.0348 val_bacc=0.7222 val_auroc=0.8264
[channel_gated_focal fold 0] epoch 12/30 train_loss=0.0258 val_bacc=0.7222 val_auroc=0.8750
[channel_gated_focal fold 0] epoch 13/30 train_loss=0.0375 val_bacc=0.8333 val_auroc=0.9236
[channel_gated_focal fold 0] epoch 14/30 train_loss=0.0266 val_bacc=0.6910 val_auroc=0.8958
[channel_gated_focal fold 0] epoch 15/30 train_loss=0.0164 val_bacc=0.7222 val_auroc=0.8889
[channel_gated_focal fold 0] epoch 16/30 train_loss=0.0208 val_bacc=0.7778 val_auroc=0.8889
[channel_gated_focal fold 0] epoch 17/30 train_loss=0.0369 val_bacc=0.6910 val_auroc=0.7500
[channel_gated_focal fold 0] epoch 18/30 train_loss=0.0273 val_bacc=0.5799 val_auroc=0.7569
[channel_gated_focal fold 0] epoch 19/30 train_loss=0.0195 val_bacc=0.7222 val_auroc=0.8125
[channel_gated_focal fold 0] epoch 20/30 train_loss=0.0302 val_bacc=0.6910 val_auroc=0.8403
[channel_gated_focal fold 0] epoch 21/30 train_loss=0.0333 val_bacc=0.7222 val_auroc=0.8333
[channel_gated_focal fold 0] epoch 22/30 train_loss=0.0195 val_bacc=0.6111 val_auroc=0.7431
[channel_gated_focal fold 0] epoch 23/30 train_loss=0.0321 val_bacc=0.7153 val_auroc=0.9167
[channel_gated_focal fold 0] epoch 24/30 train_loss=0.0858 val_bacc=0.6597 val_auroc=0.8958
[channel_gated_focal fold 0] epoch 25/30 train_loss=0.0939 val_bacc=0.6910 val_auroc=0.9097
[channel_gated_focal fold 0] epoch 26/30 train_loss=0.0248 val_bacc=0.5243 val_auroc=0.8125
[channel_gated_focal fold 0] epoch 27/30 train_loss=0.0323 val_bacc=0.8264 val_auroc=0.8958
[channel_gated_focal fold 0] epoch 28/30 train_loss=0.0251 val_bacc=0.5799 val_auroc=0.8819
[channel_gated_focal fold 0] epoch 29/30 train_loss=0.0083 val_bacc=0.8264 val_auroc=0.8889
[channel_gated_focal fold 0] epoch 30/30 train_loss=0.0150 val_bacc=0.6354 val_auroc=0.8681
[channel_gated_focal fold 0] TEST accuracy=0.8400 balanced_accuracy=0.8021 auroc=0.8889
[_build_samples] 1/163 lesions had no usable image on disk for this split — dropped
[channel_gated_focal fold 1] epoch 1/30 train_loss=1.0942 val_bacc=0.7378 val_auroc=0.9238
[channel_gated_focal fold 1] epoch 2/30 train_loss=0.8285 val_bacc=0.6753 val_auroc=0.8872
[channel_gated_focal fold 1] epoch 3/30 train_loss=0.5623 val_bacc=0.7378 val_auroc=0.9238
[channel_gated_focal fold 1] epoch 4/30 train_loss=0.3210 val_bacc=0.8003 val_auroc=0.9146
[channel_gated_focal fold 1] epoch 5/30 train_loss=0.1975 val_bacc=0.7134 val_auroc=0.9146
[channel_gated_focal fold 1] epoch 6/30 train_loss=0.1141 val_bacc=0.7881 val_auroc=0.9390
[channel_gated_focal fold 1] epoch 7/30 train_loss=0.0819 val_bacc=0.7881 val_auroc=0.8780
[channel_gated_focal fold 1] epoch 8/30 train_loss=0.1051 val_bacc=0.7881 val_auroc=0.9329
[channel_gated_focal fold 1] epoch 9/30 train_loss=0.0443 val_bacc=0.7881 val_auroc=0.8841
[channel_gated_focal fold 1] epoch 10/30 train_loss=0.0413 val_bacc=0.7881 val_auroc=0.9207
[channel_gated_focal fold 1] epoch 11/30 train_loss=0.0489 val_bacc=0.8506 val_auroc=0.9573
[channel_gated_focal fold 1] epoch 12/30 train_loss=0.0263 val_bacc=0.8003 val_auroc=0.8902
[channel_gated_focal fold 1] epoch 13/30 train_loss=0.2703 val_bacc=0.6753 val_auroc=0.8994
[channel_gated_focal fold 1] epoch 14/30 train_loss=0.1097 val_bacc=0.8506 val_auroc=0.9329
[channel_gated_focal fold 1] epoch 15/30 train_loss=0.0484 val_bacc=0.8628 val_auroc=0.9238
[channel_gated_focal fold 1] epoch 16/30 train_loss=0.0645 val_bacc=0.8628 val_auroc=0.9207
[channel_gated_focal fold 1] epoch 17/30 train_loss=0.0205 val_bacc=0.8003 val_auroc=0.9024
[channel_gated_focal fold 1] epoch 18/30 train_loss=0.0664 val_bacc=0.8628 val_auroc=0.9024
[channel_gated_focal fold 1] epoch 19/30 train_loss=0.0840 val_bacc=0.7881 val_auroc=0.8872
[channel_gated_focal fold 1] epoch 20/30 train_loss=0.0324 val_bacc=0.7881 val_auroc=0.9024
[channel_gated_focal fold 1] epoch 21/30 train_loss=0.0293 val_bacc=0.8003 val_auroc=0.9116
[channel_gated_focal fold 1] epoch 22/30 train_loss=0.0383 val_bacc=0.8506 val_auroc=0.9207
[channel_gated_focal fold 1] epoch 23/30 train_loss=0.0130 val_bacc=0.6753 val_auroc=0.8537
[channel_gated_focal fold 1] epoch 24/30 train_loss=0.0351 val_bacc=0.6753 val_auroc=0.8780
[channel_gated_focal fold 1] epoch 25/30 train_loss=0.0342 val_bacc=0.7759 val_auroc=0.9146
[channel_gated_focal fold 1] epoch 26/30 train_loss=0.0321 val_bacc=0.7378 val_auroc=0.9268
[channel_gated_focal fold 1] epoch 27/30 train_loss=0.0275 val_bacc=0.8506 val_auroc=0.9299
[channel_gated_focal fold 1] epoch 28/30 train_loss=0.0773 val_bacc=0.8628 val_auroc=0.9055
[channel_gated_focal fold 1] epoch 29/30 train_loss=0.0394 val_bacc=0.8628 val_auroc=0.9177
[channel_gated_focal fold 1] epoch 30/30 train_loss=0.0244 val_bacc=0.8003 val_auroc=0.9238
[channel_gated_focal fold 1] TEST accuracy=0.8400 balanced_accuracy=0.7778 auroc=0.9167
[_build_samples] 1/122 lesions had no usable image on disk for this split — dropped
[_build_samples] 2/66 lesions had no usable image on disk for this split — dropped
[channel_gated_focal fold 2] epoch 1/30 train_loss=1.1032 val_bacc=0.8333 val_auroc=0.8611
[channel_gated_focal fold 2] epoch 2/30 train_loss=0.8348 val_bacc=0.8194 val_auroc=0.8611
[channel_gated_focal fold 2] epoch 3/30 train_loss=0.6054 val_bacc=0.7847 val_auroc=0.9005
[channel_gated_focal fold 2] epoch 4/30 train_loss=0.3975 val_bacc=0.7569 val_auroc=0.8241
[channel_gated_focal fold 2] epoch 5/30 train_loss=0.2113 val_bacc=0.8287 val_auroc=0.9167
[channel_gated_focal fold 2] epoch 6/30 train_loss=0.1407 val_bacc=0.7361 val_auroc=0.8102
[channel_gated_focal fold 2] epoch 7/30 train_loss=0.0927 val_bacc=0.8912 val_auroc=0.8889
[channel_gated_focal fold 2] epoch 8/30 train_loss=0.0680 val_bacc=0.8542 val_auroc=0.9051
[channel_gated_focal fold 2] epoch 9/30 train_loss=0.0595 val_bacc=0.8819 val_auroc=0.8958
[channel_gated_focal fold 2] epoch 10/30 train_loss=0.0381 val_bacc=0.6759 val_auroc=0.8241
[channel_gated_focal fold 2] epoch 11/30 train_loss=0.0418 val_bacc=0.7639 val_auroc=0.8611
[channel_gated_focal fold 2] epoch 12/30 train_loss=0.0410 val_bacc=0.6991 val_auroc=0.7778
[channel_gated_focal fold 2] epoch 13/30 train_loss=0.0278 val_bacc=0.6852 val_auroc=0.8519
[channel_gated_focal fold 2] epoch 14/30 train_loss=0.0256 val_bacc=0.7731 val_auroc=0.8727
[channel_gated_focal fold 2] epoch 15/30 train_loss=0.0339 val_bacc=0.8449 val_auroc=0.9028
[channel_gated_focal fold 2] epoch 16/30 train_loss=0.0194 val_bacc=0.7824 val_auroc=0.8958
[channel_gated_focal fold 2] epoch 17/30 train_loss=0.0162 val_bacc=0.8102 val_auroc=0.9074
[channel_gated_focal fold 2] epoch 18/30 train_loss=0.0192 val_bacc=0.6852 val_auroc=0.8449
[channel_gated_focal fold 2] epoch 19/30 train_loss=0.0368 val_bacc=0.6111 val_auroc=0.7593
[channel_gated_focal fold 2] epoch 20/30 train_loss=0.0253 val_bacc=0.6759 val_auroc=0.7940
[channel_gated_focal fold 2] epoch 21/30 train_loss=0.0234 val_bacc=0.7917 val_auroc=0.8935
[channel_gated_focal fold 2] epoch 22/30 train_loss=0.0275 val_bacc=0.7662 val_auroc=0.8472
[channel_gated_focal fold 2] epoch 23/30 train_loss=0.0137 val_bacc=0.8102 val_auroc=0.8843
[channel_gated_focal fold 2] epoch 24/30 train_loss=0.0253 val_bacc=0.7454 val_auroc=0.8889
[channel_gated_focal fold 2] epoch 25/30 train_loss=0.0145 val_bacc=0.8264 val_auroc=0.9282
[channel_gated_focal fold 2] epoch 26/30 train_loss=0.0121 val_bacc=0.7917 val_auroc=0.8912
[channel_gated_focal fold 2] epoch 27/30 train_loss=0.0071 val_bacc=0.7847 val_auroc=0.9144
[channel_gated_focal fold 2] epoch 28/30 train_loss=0.0071 val_bacc=0.8380 val_auroc=0.9352
[channel_gated_focal fold 2] epoch 29/30 train_loss=0.0103 val_bacc=0.8356 val_auroc=0.9468
[channel_gated_focal fold 2] epoch 30/30 train_loss=0.0173 val_bacc=0.8912 val_auroc=0.8773
[channel_gated_focal fold 2] TEST accuracy=0.8776 balanced_accuracy=0.7256 auroc=0.8140
[_build_samples] 2/72 lesions had no usable image on disk for this split — dropped
[_build_samples] 2/66 lesions had no usable image on disk for this split — dropped
[channel_gated_focal fold 3] epoch 1/30 train_loss=1.0710 val_bacc=0.6250 val_auroc=0.7762
[channel_gated_focal fold 3] epoch 2/30 train_loss=0.8178 val_bacc=0.7157 val_auroc=0.7782
[channel_gated_focal fold 3] epoch 3/30 train_loss=0.5542 val_bacc=0.6835 val_auroc=0.7823
[channel_gated_focal fold 3] epoch 4/30 train_loss=0.3280 val_bacc=0.6593 val_auroc=0.8266
[channel_gated_focal fold 3] epoch 5/30 train_loss=0.1379 val_bacc=0.7077 val_auroc=0.8468
[channel_gated_focal fold 3] epoch 6/30 train_loss=0.1012 val_bacc=0.7702 val_auroc=0.8669
[channel_gated_focal fold 3] epoch 7/30 train_loss=0.0589 val_bacc=0.7460 val_auroc=0.8790
[channel_gated_focal fold 3] epoch 8/30 train_loss=0.0318 val_bacc=0.7944 val_auroc=0.8710
[channel_gated_focal fold 3] epoch 9/30 train_loss=0.0396 val_bacc=0.6996 val_auroc=0.8327
[channel_gated_focal fold 3] epoch 10/30 train_loss=0.0541 val_bacc=0.7540 val_auroc=0.8508
[channel_gated_focal fold 3] epoch 11/30 train_loss=0.0465 val_bacc=0.7298 val_auroc=0.8730
[channel_gated_focal fold 3] epoch 12/30 train_loss=0.0250 val_bacc=0.7863 val_auroc=0.8569
[channel_gated_focal fold 3] epoch 13/30 train_loss=0.0409 val_bacc=0.7782 val_auroc=0.8105
[channel_gated_focal fold 3] epoch 14/30 train_loss=0.0216 val_bacc=0.8266 val_auroc=0.8145
[channel_gated_focal fold 3] epoch 15/30 train_loss=0.0201 val_bacc=0.8105 val_auroc=0.8246
[channel_gated_focal fold 3] epoch 16/30 train_loss=0.0431 val_bacc=0.7863 val_auroc=0.8427
[channel_gated_focal fold 3] epoch 17/30 train_loss=0.0279 val_bacc=0.8185 val_auroc=0.8690
[channel_gated_focal fold 3] epoch 18/30 train_loss=0.0447 val_bacc=0.8347 val_auroc=0.8044
[channel_gated_focal fold 3] epoch 19/30 train_loss=0.0121 val_bacc=0.8266 val_auroc=0.8165
[channel_gated_focal fold 3] epoch 20/30 train_loss=0.0089 val_bacc=0.7944 val_auroc=0.8327
[channel_gated_focal fold 3] epoch 21/30 train_loss=0.0059 val_bacc=0.8105 val_auroc=0.8246
[channel_gated_focal fold 3] epoch 22/30 train_loss=0.0259 val_bacc=0.8105 val_auroc=0.8468
[channel_gated_focal fold 3] epoch 23/30 train_loss=0.0172 val_bacc=0.8105 val_auroc=0.8246
[channel_gated_focal fold 3] epoch 24/30 train_loss=0.0137 val_bacc=0.8024 val_auroc=0.8306
[channel_gated_focal fold 3] epoch 25/30 train_loss=0.0082 val_bacc=0.8024 val_auroc=0.8165
[channel_gated_focal fold 3] epoch 26/30 train_loss=0.0040 val_bacc=0.8024 val_auroc=0.8226
[channel_gated_focal fold 3] epoch 27/30 train_loss=0.0057 val_bacc=0.8105 val_auroc=0.8044
[channel_gated_focal fold 3] epoch 28/30 train_loss=0.0047 val_bacc=0.8105 val_auroc=0.7883
[channel_gated_focal fold 3] epoch 29/30 train_loss=0.0269 val_bacc=0.8024 val_auroc=0.8407
[channel_gated_focal fold 3] epoch 30/30 train_loss=0.0167 val_bacc=0.7944 val_auroc=0.8085
[channel_gated_focal fold 3] TEST accuracy=0.8871 balanced_accuracy=0.9352 auroc=0.9537
[_build_samples] 2/72 lesions had no usable image on disk for this split — dropped
[channel_gated_focal fold 4] epoch 1/30 train_loss=1.0769 val_bacc=0.9375 val_auroc=0.9931
[channel_gated_focal fold 4] epoch 2/30 train_loss=0.7637 val_bacc=0.8021 val_auroc=0.9097
[channel_gated_focal fold 4] epoch 3/30 train_loss=0.4280 val_bacc=0.8021 val_auroc=0.9375
[channel_gated_focal fold 4] epoch 4/30 train_loss=0.2118 val_bacc=0.9444 val_auroc=0.9931
[channel_gated_focal fold 4] epoch 5/30 train_loss=0.1144 val_bacc=0.7222 val_auroc=0.9375
[channel_gated_focal fold 4] epoch 6/30 train_loss=0.0765 val_bacc=0.6910 val_auroc=0.8819
[channel_gated_focal fold 4] epoch 7/30 train_loss=0.0566 val_bacc=0.8333 val_auroc=0.9306
[channel_gated_focal fold 4] epoch 8/30 train_loss=0.0516 val_bacc=0.8576 val_auroc=0.9236
[channel_gated_focal fold 4] epoch 9/30 train_loss=0.0366 val_bacc=0.6910 val_auroc=0.8750
[channel_gated_focal fold 4] epoch 10/30 train_loss=0.0239 val_bacc=0.8021 val_auroc=0.9236
[channel_gated_focal fold 4] epoch 11/30 train_loss=0.0305 val_bacc=0.8333 val_auroc=0.9167
[channel_gated_focal fold 4] epoch 12/30 train_loss=0.0311 val_bacc=0.8333 val_auroc=0.9097
[channel_gated_focal fold 4] epoch 13/30 train_loss=0.0178 val_bacc=0.8333 val_auroc=0.8958
[channel_gated_focal fold 4] epoch 14/30 train_loss=0.0240 val_bacc=0.8333 val_auroc=0.8125
[channel_gated_focal fold 4] epoch 15/30 train_loss=0.0159 val_bacc=0.8333 val_auroc=0.8889
[channel_gated_focal fold 4] epoch 16/30 train_loss=0.0121 val_bacc=0.7465 val_auroc=0.9028
[channel_gated_focal fold 4] epoch 17/30 train_loss=0.0103 val_bacc=0.7778 val_auroc=0.8611
[channel_gated_focal fold 4] epoch 18/30 train_loss=0.0103 val_bacc=0.7778 val_auroc=0.8750
[channel_gated_focal fold 4] epoch 19/30 train_loss=0.0113 val_bacc=0.7778 val_auroc=0.8403
[channel_gated_focal fold 4] epoch 20/30 train_loss=0.0088 val_bacc=0.7778 val_auroc=0.8333
[channel_gated_focal fold 4] epoch 21/30 train_loss=0.0095 val_bacc=0.7778 val_auroc=0.7778
[channel_gated_focal fold 4] epoch 22/30 train_loss=0.0065 val_bacc=0.8333 val_auroc=0.8125
[channel_gated_focal fold 4] epoch 23/30 train_loss=0.0147 val_bacc=0.8333 val_auroc=0.7917
[channel_gated_focal fold 4] epoch 24/30 train_loss=0.0216 val_bacc=0.7778 val_auroc=0.7014
[channel_gated_focal fold 4] epoch 25/30 train_loss=0.0115 val_bacc=0.7465 val_auroc=0.8681
[channel_gated_focal fold 4] epoch 26/30 train_loss=0.0074 val_bacc=0.7778 val_auroc=0.8264
[channel_gated_focal fold 4] epoch 27/30 train_loss=0.0032 val_bacc=0.8333 val_auroc=0.8681
[channel_gated_focal fold 4] epoch 28/30 train_loss=0.0027 val_bacc=0.7778 val_auroc=0.8472
[channel_gated_focal fold 4] epoch 29/30 train_loss=0.0031 val_bacc=0.7778 val_auroc=0.8264
[channel_gated_focal fold 4] epoch 30/30 train_loss=0.0038 val_bacc=0.7778 val_auroc=0.8472
[channel_gated_focal fold 4] TEST accuracy=0.8429 balanced_accuracy=0.8024 auroc=0.8105

=== Aggregated (channel_gated_focal, mean +/- std across folds) ===
accuracy_mean: 0.8575
accuracy_std: 0.0205
balanced_accuracy_mean: 0.8086
balanced_accuracy_std: 0.0692
macro_f1_mean: 0.7790
macro_f1_std: 0.0404
sensitivity_malignant_mean: 0.6944
sensitivity_malignant_std: 0.1757
specificity_mean: 0.9228
specificity_std: 0.0536
auroc_mean: 0.8768
auroc_std: 0.0565
confusion_matrix_sum:
[[170  19]
 [ 13  29]]
total time: 3963.7s
