device: cuda
config: {'variant': 'image_only', 'quality_aware': False, 'n_folds': 5, 'seed': 42, 'image_size': 224, 'batch_size': 16, 'epochs': 30, 'lr': 0.0001, 'weight_decay': 0.0001, 'aux_loss_weight': 0.4, 'quality_loss_weight': 0.15, 'focal_gamma': 0.0, 'train_on_all_dermoscopic_images': True, 'fusion_hidden_dim': 256, 'fusion_dropout': 0.3, 'metadata_hidden_dim': 128, 'metadata_out_dim': 128, 'num_aux_classes': 9, 'results_ledger_path': 'results/results_ledger.csv', 'checkpoint_dir': 'checkpoints', 'log_dir': 'logs', 'notes': ''}
[build_lesion_table] 240 lesions total
  binary task: 6 excluded (malignancy=='unknown')
  aux 9-class task: 6 excluded (unified_diagnosis=='UNK' or missing)
  histopath-confirmed: 28
  lesions missing a quality rating: 2
[build_image_index] 2394 raw image rows -> 2131 after lesion_id join -> 2131 after file-existence check (0 missing files dropped)
fold 0: 5 subjects, 9.0 malignant lesions
fold 1: 6 subjects, 9.0 malignant lesions
fold 2: 16 subjects, 8.0 malignant lesions
fold 3: 16 subjects, 8.0 malignant lesions
fold 4: 16 subjects, 8.0 malignant lesions
[_build_samples] 1/190 lesions had no usable image on disk for this split — dropped
[fold 0] epoch 1/30 train_loss=1.6008 val_bacc=0.8576 val_auroc=0.9583
[fold 0] epoch 2/30 train_loss=0.9171 val_bacc=0.6354 val_auroc=0.9306
[fold 0] epoch 3/30 train_loss=0.5216 val_bacc=0.6910 val_auroc=0.9236
[fold 0] epoch 4/30 train_loss=0.3256 val_bacc=0.6354 val_auroc=0.8681
[fold 0] epoch 5/30 train_loss=0.2023 val_bacc=0.8819 val_auroc=0.9375
[fold 0] epoch 6/30 train_loss=0.1763 val_bacc=0.4688 val_auroc=0.9097
[fold 0] epoch 7/30 train_loss=0.0962 val_bacc=0.7465 val_auroc=0.9236
[fold 0] epoch 8/30 train_loss=0.1196 val_bacc=0.7465 val_auroc=0.8889
[fold 0] epoch 9/30 train_loss=0.0813 val_bacc=0.7465 val_auroc=0.8681
[fold 0] epoch 10/30 train_loss=0.2708 val_bacc=0.7153 val_auroc=0.8125
[fold 0] epoch 11/30 train_loss=0.2583 val_bacc=0.8333 val_auroc=0.8958
[fold 0] epoch 12/30 train_loss=0.1048 val_bacc=0.5243 val_auroc=0.7500
[fold 0] epoch 13/30 train_loss=0.0611 val_bacc=0.6354 val_auroc=0.7639
[fold 0] epoch 14/30 train_loss=0.0813 val_bacc=0.7465 val_auroc=0.7778
[fold 0] epoch 15/30 train_loss=0.0626 val_bacc=0.7708 val_auroc=0.7847
[fold 0] epoch 16/30 train_loss=0.0836 val_bacc=0.6910 val_auroc=0.7500
[fold 0] epoch 17/30 train_loss=0.0565 val_bacc=0.8021 val_auroc=0.7500
[fold 0] epoch 18/30 train_loss=0.0295 val_bacc=0.8021 val_auroc=0.7917
[fold 0] epoch 19/30 train_loss=0.0260 val_bacc=0.7465 val_auroc=0.8125
[fold 0] epoch 20/30 train_loss=0.0368 val_bacc=0.8021 val_auroc=0.8403
[fold 0] epoch 21/30 train_loss=0.0447 val_bacc=0.8021 val_auroc=0.8194
[fold 0] epoch 22/30 train_loss=0.0330 val_bacc=0.8021 val_auroc=0.7847
[fold 0] epoch 23/30 train_loss=0.0158 val_bacc=0.7465 val_auroc=0.8819
[fold 0] epoch 24/30 train_loss=0.0241 val_bacc=0.7465 val_auroc=0.8681
[fold 0] epoch 25/30 train_loss=0.0172 val_bacc=0.7465 val_auroc=0.8542
[fold 0] epoch 26/30 train_loss=0.0233 val_bacc=0.6910 val_auroc=0.8125
[fold 0] epoch 27/30 train_loss=0.0253 val_bacc=0.7778 val_auroc=0.9306
[fold 0] epoch 28/30 train_loss=0.0169 val_bacc=0.7708 val_auroc=0.9375
[fold 0] epoch 29/30 train_loss=0.0139 val_bacc=0.7153 val_auroc=0.9097
[fold 0] epoch 30/30 train_loss=0.0188 val_bacc=0.7153 val_auroc=0.9097
[fold 0] TEST accuracy=0.8000 balanced_accuracy=0.7465 auroc=0.9444
[_build_samples] 1/163 lesions had no usable image on disk for this split — dropped
[fold 1] epoch 1/30 train_loss=1.7082 val_bacc=0.6753 val_auroc=0.8476
[fold 1] epoch 2/30 train_loss=0.9167 val_bacc=0.6753 val_auroc=0.8354
[fold 1] epoch 3/30 train_loss=0.5312 val_bacc=0.6631 val_auroc=0.8384
[fold 1] epoch 4/30 train_loss=0.2770 val_bacc=0.6753 val_auroc=0.9055
[fold 1] epoch 5/30 train_loss=0.2751 val_bacc=0.7256 val_auroc=0.9055
[fold 1] epoch 6/30 train_loss=0.1948 val_bacc=0.6753 val_auroc=0.8079
[fold 1] epoch 7/30 train_loss=0.1256 val_bacc=0.7378 val_auroc=0.8994
[fold 1] epoch 8/30 train_loss=0.1810 val_bacc=0.8003 val_auroc=0.8994
[fold 1] epoch 9/30 train_loss=0.1653 val_bacc=0.6631 val_auroc=0.8079
[fold 1] epoch 10/30 train_loss=0.1079 val_bacc=0.6753 val_auroc=0.9085
[fold 1] epoch 11/30 train_loss=0.1169 val_bacc=0.7378 val_auroc=0.8841
[fold 1] epoch 12/30 train_loss=0.1185 val_bacc=0.7881 val_auroc=0.9360
[fold 1] epoch 13/30 train_loss=0.1623 val_bacc=0.6753 val_auroc=0.9055
[fold 1] epoch 14/30 train_loss=0.0846 val_bacc=0.8003 val_auroc=0.8994
[fold 1] epoch 15/30 train_loss=0.0699 val_bacc=0.6753 val_auroc=0.8415
[fold 1] epoch 16/30 train_loss=0.0340 val_bacc=0.6753 val_auroc=0.8354
[fold 1] epoch 17/30 train_loss=0.0581 val_bacc=0.6753 val_auroc=0.8323
[fold 1] epoch 18/30 train_loss=0.0414 val_bacc=0.6753 val_auroc=0.8994
[fold 1] epoch 19/30 train_loss=0.0260 val_bacc=0.7378 val_auroc=0.9085
[fold 1] epoch 20/30 train_loss=0.0367 val_bacc=0.6753 val_auroc=0.8963
[fold 1] epoch 21/30 train_loss=0.2507 val_bacc=0.6753 val_auroc=0.8963
[fold 1] epoch 22/30 train_loss=0.1834 val_bacc=0.6631 val_auroc=0.9421
[fold 1] epoch 23/30 train_loss=0.0471 val_bacc=0.7378 val_auroc=0.9634
[fold 1] epoch 24/30 train_loss=0.0379 val_bacc=0.7378 val_auroc=0.9634
[fold 1] epoch 25/30 train_loss=0.0544 val_bacc=0.6753 val_auroc=0.9360
[fold 1] epoch 26/30 train_loss=0.0530 val_bacc=0.6753 val_auroc=0.9268
[fold 1] epoch 27/30 train_loss=0.0363 val_bacc=0.7378 val_auroc=0.9360
[fold 1] epoch 28/30 train_loss=0.2213 val_bacc=0.6631 val_auroc=0.8872
[fold 1] epoch 29/30 train_loss=0.0762 val_bacc=0.6753 val_auroc=0.8476
[fold 1] epoch 30/30 train_loss=0.0434 val_bacc=0.6753 val_auroc=0.8598
[fold 1] TEST accuracy=0.8000 balanced_accuracy=0.7465 auroc=0.9236
[_build_samples] 1/122 lesions had no usable image on disk for this split — dropped
[_build_samples] 2/66 lesions had no usable image on disk for this split — dropped
[fold 2] epoch 1/30 train_loss=1.6559 val_bacc=0.8426 val_auroc=0.8519
[fold 2] epoch 2/30 train_loss=0.9690 val_bacc=0.7477 val_auroc=0.8472
[fold 2] epoch 3/30 train_loss=0.6016 val_bacc=0.6944 val_auroc=0.8657
[fold 2] epoch 4/30 train_loss=0.3372 val_bacc=0.7037 val_auroc=0.8472
[fold 2] epoch 5/30 train_loss=0.2469 val_bacc=0.6944 val_auroc=0.8426
[fold 2] epoch 6/30 train_loss=0.2073 val_bacc=0.5417 val_auroc=0.7130
[fold 2] epoch 7/30 train_loss=0.2242 val_bacc=0.8264 val_auroc=0.8773
[fold 2] epoch 8/30 train_loss=0.1358 val_bacc=0.8009 val_auroc=0.8727
[fold 2] epoch 9/30 train_loss=0.1048 val_bacc=0.6204 val_auroc=0.8009
[fold 2] epoch 10/30 train_loss=0.0797 val_bacc=0.6505 val_auroc=0.8125
[fold 2] epoch 11/30 train_loss=0.0440 val_bacc=0.6505 val_auroc=0.8287
[fold 2] epoch 12/30 train_loss=0.0869 val_bacc=0.7731 val_auroc=0.8889
[fold 2] epoch 13/30 train_loss=0.0552 val_bacc=0.7292 val_auroc=0.8843
[fold 2] epoch 14/30 train_loss=0.0899 val_bacc=0.7824 val_auroc=0.8981
[fold 2] epoch 15/30 train_loss=0.0469 val_bacc=0.7824 val_auroc=0.9144
[fold 2] epoch 16/30 train_loss=0.0437 val_bacc=0.7917 val_auroc=0.9120
[fold 2] epoch 17/30 train_loss=0.0380 val_bacc=0.7731 val_auroc=0.8935
[fold 2] epoch 18/30 train_loss=0.0440 val_bacc=0.8102 val_auroc=0.8819
[fold 2] epoch 19/30 train_loss=0.0335 val_bacc=0.7824 val_auroc=0.8426
[fold 2] epoch 20/30 train_loss=0.0512 val_bacc=0.6042 val_auroc=0.7662
[fold 2] epoch 21/30 train_loss=0.0681 val_bacc=0.8264 val_auroc=0.9074
[fold 2] epoch 22/30 train_loss=0.0187 val_bacc=0.8009 val_auroc=0.8866
[fold 2] epoch 23/30 train_loss=0.0173 val_bacc=0.7384 val_auroc=0.8819
[fold 2] epoch 24/30 train_loss=0.0413 val_bacc=0.6597 val_auroc=0.8634
[fold 2] epoch 25/30 train_loss=0.0286 val_bacc=0.6481 val_auroc=0.8171
[fold 2] epoch 26/30 train_loss=0.0514 val_bacc=0.6574 val_auroc=0.8032
[fold 2] epoch 27/30 train_loss=0.0295 val_bacc=0.6852 val_auroc=0.8287
[fold 2] epoch 28/30 train_loss=0.0124 val_bacc=0.6944 val_auroc=0.8241
[fold 2] epoch 29/30 train_loss=0.0127 val_bacc=0.6852 val_auroc=0.8171
[fold 2] epoch 30/30 train_loss=0.0153 val_bacc=0.6944 val_auroc=0.8032
[fold 2] TEST accuracy=0.7959 balanced_accuracy=0.7271 auroc=0.8598
[_build_samples] 2/72 lesions had no usable image on disk for this split — dropped
[_build_samples] 2/66 lesions had no usable image on disk for this split — dropped
[fold 3] epoch 1/30 train_loss=1.5884 val_bacc=0.6895 val_auroc=0.8448
[fold 3] epoch 2/30 train_loss=0.9080 val_bacc=0.7782 val_auroc=0.8407
[fold 3] epoch 3/30 train_loss=0.6347 val_bacc=0.7157 val_auroc=0.8105
[fold 3] epoch 4/30 train_loss=0.3957 val_bacc=0.7641 val_auroc=0.8145
[fold 3] epoch 5/30 train_loss=0.2509 val_bacc=0.7157 val_auroc=0.8165
[fold 3] epoch 6/30 train_loss=0.1794 val_bacc=0.7238 val_auroc=0.8145
[fold 3] epoch 7/30 train_loss=0.1410 val_bacc=0.7782 val_auroc=0.8226
[fold 3] epoch 8/30 train_loss=0.0802 val_bacc=0.7782 val_auroc=0.8286
[fold 3] epoch 9/30 train_loss=0.0719 val_bacc=0.7782 val_auroc=0.8145
[fold 3] epoch 10/30 train_loss=0.1050 val_bacc=0.7863 val_auroc=0.8427
[fold 3] epoch 11/30 train_loss=0.1015 val_bacc=0.7540 val_auroc=0.8488
[fold 3] epoch 12/30 train_loss=0.0935 val_bacc=0.7863 val_auroc=0.8609
[fold 3] epoch 13/30 train_loss=0.0927 val_bacc=0.7863 val_auroc=0.8649
[fold 3] epoch 14/30 train_loss=0.0469 val_bacc=0.7702 val_auroc=0.8387
[fold 3] epoch 15/30 train_loss=0.0383 val_bacc=0.7702 val_auroc=0.8407
[fold 3] epoch 16/30 train_loss=0.0245 val_bacc=0.7944 val_auroc=0.8286
[fold 3] epoch 17/30 train_loss=0.0233 val_bacc=0.8105 val_auroc=0.8125
[fold 3] epoch 18/30 train_loss=0.0276 val_bacc=0.8024 val_auroc=0.8246
[fold 3] epoch 19/30 train_loss=0.0190 val_bacc=0.7944 val_auroc=0.8246
[fold 3] epoch 20/30 train_loss=0.0234 val_bacc=0.7702 val_auroc=0.8266
[fold 3] epoch 21/30 train_loss=0.0203 val_bacc=0.7399 val_auroc=0.8044
[fold 3] epoch 22/30 train_loss=0.0403 val_bacc=0.7944 val_auroc=0.8125
[fold 3] epoch 23/30 train_loss=0.0272 val_bacc=0.8024 val_auroc=0.8165
[fold 3] epoch 24/30 train_loss=0.0457 val_bacc=0.7702 val_auroc=0.8407
[fold 3] epoch 25/30 train_loss=0.0433 val_bacc=0.8024 val_auroc=0.8569
[fold 3] epoch 26/30 train_loss=0.0223 val_bacc=0.7944 val_auroc=0.8569
[fold 3] epoch 27/30 train_loss=0.0156 val_bacc=0.7702 val_auroc=0.8710
[fold 3] epoch 28/30 train_loss=0.0201 val_bacc=0.8427 val_auroc=0.8125
[fold 3] epoch 29/30 train_loss=0.0122 val_bacc=0.8427 val_auroc=0.8306
[fold 3] epoch 30/30 train_loss=0.0138 val_bacc=0.8266 val_auroc=0.8508
[fold 3] TEST accuracy=0.8387 balanced_accuracy=0.9074 auroc=0.9282
[_build_samples] 2/72 lesions had no usable image on disk for this split — dropped
[fold 4] epoch 1/30 train_loss=1.6005 val_bacc=0.9375 val_auroc=0.9931
[fold 4] epoch 2/30 train_loss=0.8725 val_bacc=0.9132 val_auroc=0.9861
[fold 4] epoch 3/30 train_loss=0.4779 val_bacc=0.8889 val_auroc=0.9653
[fold 4] epoch 4/30 train_loss=0.2821 val_bacc=0.8889 val_auroc=0.9792
[fold 4] epoch 5/30 train_loss=0.1750 val_bacc=0.8889 val_auroc=0.9514
[fold 4] epoch 6/30 train_loss=0.1609 val_bacc=0.8021 val_auroc=0.8819
[fold 4] epoch 7/30 train_loss=0.0992 val_bacc=0.7778 val_auroc=0.9167
[fold 4] epoch 8/30 train_loss=0.1166 val_bacc=0.7465 val_auroc=0.9167
[fold 4] epoch 9/30 train_loss=0.0854 val_bacc=0.7778 val_auroc=0.9375
[fold 4] epoch 10/30 train_loss=0.0619 val_bacc=0.8333 val_auroc=0.9514
[fold 4] epoch 11/30 train_loss=0.0512 val_bacc=0.7778 val_auroc=0.9653
[fold 4] epoch 12/30 train_loss=0.0588 val_bacc=0.9444 val_auroc=0.9722
[fold 4] epoch 13/30 train_loss=0.0419 val_bacc=0.7778 val_auroc=0.9583
[fold 4] epoch 14/30 train_loss=0.0298 val_bacc=0.8333 val_auroc=0.9583
[fold 4] epoch 15/30 train_loss=0.0374 val_bacc=0.7778 val_auroc=0.9236
[fold 4] epoch 16/30 train_loss=0.0240 val_bacc=0.7778 val_auroc=0.9097
[fold 4] epoch 17/30 train_loss=0.0330 val_bacc=0.7778 val_auroc=0.9722
[fold 4] epoch 18/30 train_loss=0.0507 val_bacc=0.7778 val_auroc=0.8542
[fold 4] epoch 19/30 train_loss=0.0327 val_bacc=0.7222 val_auroc=0.8333
[fold 4] epoch 20/30 train_loss=0.0203 val_bacc=0.7222 val_auroc=0.8819
[fold 4] epoch 21/30 train_loss=0.0186 val_bacc=0.7778 val_auroc=0.8889
[fold 4] epoch 22/30 train_loss=0.0118 val_bacc=0.7222 val_auroc=0.8750
[fold 4] epoch 23/30 train_loss=0.0118 val_bacc=0.7778 val_auroc=0.9097
[fold 4] epoch 24/30 train_loss=0.0113 val_bacc=0.7778 val_auroc=0.9028
[fold 4] epoch 25/30 train_loss=0.0118 val_bacc=0.7778 val_auroc=0.9306
[fold 4] epoch 26/30 train_loss=0.0081 val_bacc=0.7222 val_auroc=0.8958
[fold 4] epoch 27/30 train_loss=0.0069 val_bacc=0.7778 val_auroc=0.9167
[fold 4] epoch 28/30 train_loss=0.0070 val_bacc=0.7778 val_auroc=0.9097
[fold 4] epoch 29/30 train_loss=0.0159 val_bacc=0.6667 val_auroc=0.8333
[fold 4] epoch 30/30 train_loss=0.0096 val_bacc=0.7222 val_auroc=0.8542
[fold 4] TEST accuracy=0.8286 balanced_accuracy=0.7944 auroc=0.8206

=== Aggregated (mean +/- std across folds) ===
accuracy_mean: 0.8126
accuracy_std: 0.0175
balanced_accuracy_mean: 0.7844
balanced_accuracy_std: 0.0654
macro_f1_mean: 0.7329
macro_f1_std: 0.0336
sensitivity_malignant_mean: 0.6972
sensitivity_malignant_std: 0.1672
specificity_mean: 0.8716
specificity_std: 0.0544
auroc_mean: 0.8953
auroc_std: 0.0472
confusion_matrix_sum:
[[160  29]
 [ 13  29]]
total time: 4029.0s
